// Jest Snapshot v1, https://goo.gl/fbAQLP

exports[`App renders correctly 1`] = `
<Provider
  store={
    Object {
      "dispatch": [Function],
      "getState": [Function],
      "replaceReducer": [Function],
      "subscribe": [Function],
      Symbol(observable): [Function],
    }
  }
>
  <styled.div>
    <GlobalStyleComponent />
    <Styled(Col)
      span={4}
    >
      <Playlist />
    </Styled(Col)>
    <Styled(Col)
      span={20}
    >
      <Connect(Player) />
    </Styled(Col)>
  </styled.div>
</Provider>
`;
